Archive member included to satisfy reference by file (symbol)

/usr/lib/gcc/avr/5.4.0/avr5/libgcc.a(_exit.o)
                              /usr/lib/gcc/avr/5.4.0/../../../avr/lib/avr5/crtatmega328p.o (exit)
/usr/lib/gcc/avr/5.4.0/avr5/libgcc.a(_mulsi3.o)
                              hwlib.o (__mulsi3)
/usr/lib/gcc/avr/5.4.0/avr5/libgcc.a(_udivmodhi4.o)
                              hwlib.o (__udivmodhi4)
/usr/lib/gcc/avr/5.4.0/avr5/libgcc.a(_divmodhi4.o)
                              main.o (__divmodhi4)
/usr/lib/gcc/avr/5.4.0/avr5/libgcc.a(_udivmodsi4.o)
                              hwlib.o (__udivmodsi4)
/usr/lib/gcc/avr/5.4.0/avr5/libgcc.a(_divmodsi4.o)
                              hwlib.o (__divmodsi4)
/usr/lib/gcc/avr/5.4.0/avr5/libgcc.a(_negsi2.o)
                              /usr/lib/gcc/avr/5.4.0/avr5/libgcc.a(_divmodsi4.o) (__negsi2)
/usr/lib/gcc/avr/5.4.0/avr5/libgcc.a(_copy_data.o)
                              ../library/source/HC_12.o (__do_copy_data)
/usr/lib/gcc/avr/5.4.0/avr5/libgcc.a(_clear_bss.o)
                              hwlib.o (__do_clear_bss)
/usr/lib/gcc/avr/5.4.0/avr5/libgcc.a(_muluhisi3.o)
                              /usr/lib/gcc/avr/5.4.0/avr5/libgcc.a(_mulsi3.o) (__muluhisi3)
/usr/lib/gcc/avr/5.4.0/avr5/libgcc.a(_ashrdi3.o)
                              hwlib.o (__lshrdi3)
/usr/lib/gcc/avr/5.4.0/avr5/libgcc.a(_adddi3.o)
                              hwlib.o (__adddi3)
/usr/lib/gcc/avr/5.4.0/avr5/libgcc.a(_cmpdi2.o)
                              hwlib.o (__cmpdi2)
/usr/lib/gcc/avr/5.4.0/avr5/libgcc.a(_umulhisi3.o)
                              /usr/lib/gcc/avr/5.4.0/avr5/libgcc.a(_muluhisi3.o) (__umulhisi3)
/usr/lib/gcc/avr/5.4.0/../../../avr/lib/avr5/libm.a(addsf3.o)
                              main.o (__subsf3)
/usr/lib/gcc/avr/5.4.0/../../../avr/lib/avr5/libm.a(addsf3x.o)
                              /usr/lib/gcc/avr/5.4.0/../../../avr/lib/avr5/libm.a(addsf3.o) (__addsf3x)
/usr/lib/gcc/avr/5.4.0/../../../avr/lib/avr5/libm.a(cmpsf2.o)
                              main.o (__ltsf2)
/usr/lib/gcc/avr/5.4.0/../../../avr/lib/avr5/libm.a(divsf3.o)
                              main.o (__divsf3)
/usr/lib/gcc/avr/5.4.0/../../../avr/lib/avr5/libm.a(divsf3x.o)
                              /usr/lib/gcc/avr/5.4.0/../../../avr/lib/avr5/libm.a(divsf3.o) (__divsf3x)
/usr/lib/gcc/avr/5.4.0/../../../avr/lib/avr5/libm.a(fixsfsi.o)
                              main.o (__fixsfsi)
/usr/lib/gcc/avr/5.4.0/../../../avr/lib/avr5/libm.a(fixunssfsi.o)
                              main.o (__fixunssfsi)
/usr/lib/gcc/avr/5.4.0/../../../avr/lib/avr5/libm.a(floatsisf.o)
                              main.o (__floatunsisf)
/usr/lib/gcc/avr/5.4.0/../../../avr/lib/avr5/libm.a(fp_cmp.o)
                              /usr/lib/gcc/avr/5.4.0/../../../avr/lib/avr5/libm.a(cmpsf2.o) (__fp_cmp)
/usr/lib/gcc/avr/5.4.0/../../../avr/lib/avr5/libm.a(fp_inf.o)
                              /usr/lib/gcc/avr/5.4.0/../../../avr/lib/avr5/libm.a(addsf3x.o) (__fp_inf)
/usr/lib/gcc/avr/5.4.0/../../../avr/lib/avr5/libm.a(fp_nan.o)
                              /usr/lib/gcc/avr/5.4.0/../../../avr/lib/avr5/libm.a(addsf3x.o) (__fp_nan)
/usr/lib/gcc/avr/5.4.0/../../../avr/lib/avr5/libm.a(fp_pscA.o)
                              /usr/lib/gcc/avr/5.4.0/../../../avr/lib/avr5/libm.a(addsf3x.o) (__fp_pscA)
/usr/lib/gcc/avr/5.4.0/../../../avr/lib/avr5/libm.a(fp_pscB.o)
                              /usr/lib/gcc/avr/5.4.0/../../../avr/lib/avr5/libm.a(addsf3x.o) (__fp_pscB)
/usr/lib/gcc/avr/5.4.0/../../../avr/lib/avr5/libm.a(fp_round.o)
                              /usr/lib/gcc/avr/5.4.0/../../../avr/lib/avr5/libm.a(addsf3.o) (__fp_round)
/usr/lib/gcc/avr/5.4.0/../../../avr/lib/avr5/libm.a(fp_split3.o)
                              /usr/lib/gcc/avr/5.4.0/../../../avr/lib/avr5/libm.a(addsf3x.o) (__fp_split3)
/usr/lib/gcc/avr/5.4.0/../../../avr/lib/avr5/libm.a(fp_zero.o)
                              /usr/lib/gcc/avr/5.4.0/../../../avr/lib/avr5/libm.a(addsf3x.o) (__fp_zero)
/usr/lib/gcc/avr/5.4.0/../../../avr/lib/avr5/libm.a(gesf2.o)
                              main.o (__gtsf2)
/usr/lib/gcc/avr/5.4.0/../../../avr/lib/avr5/libm.a(mulsf3.o)
                              main.o (__mulsf3)
/usr/lib/gcc/avr/5.4.0/../../../avr/lib/avr5/libm.a(mulsf3x.o)
                              /usr/lib/gcc/avr/5.4.0/../../../avr/lib/avr5/libm.a(mulsf3.o) (__mulsf3x)

Discarded input sections

 .data          0x0000000000000000        0x0 /usr/lib/gcc/avr/5.4.0/../../../avr/lib/avr5/crtatmega328p.o
 .bss           0x0000000000000000        0x0 /usr/lib/gcc/avr/5.4.0/../../../avr/lib/avr5/crtatmega328p.o
 .text          0x0000000000000000        0x0 /usr/lib/gcc/avr/5.4.0/avr5/libgcc.a(_exit.o)
 .data          0x0000000000000000        0x0 /usr/lib/gcc/avr/5.4.0/avr5/libgcc.a(_exit.o)
 .bss           0x0000000000000000        0x0 /usr/lib/gcc/avr/5.4.0/avr5/libgcc.a(_exit.o)
 .text.libgcc.mul
[...]
Memory Configuration

Name             Origin             Length             Attributes
text             0x0000000000000000 0x0000000000020000 xr
data             0x0000000000800060 0x000000000000ffa0 rw !x
eeprom           0x0000000000810000 0x0000000000010000 rw !x
fuse             0x0000000000820000 0x0000000000000003 rw !x
lock             0x0000000000830000 0x0000000000000400 rw !x
signature        0x0000000000840000 0x0000000000000400 rw !x
user_signatures  0x0000000000850000 0x0000000000000400 rw !x
*default*        0x0000000000000000 0xffffffffffffffff

Linker script and memory map

Address of section .data set to 0x800100
LOAD /usr/lib/gcc/avr/5.4.0/../../../avr/lib/avr5/crtatmega328p.o
LOAD /usr/lib/gcc/avr/5.4.0/avr5/libgcc.a
LOAD ../library/source/HC_12.o
LOAD ../library/source/neopixel.o
LOAD ../library/source/neopixel_uno.o
LOAD hwlib.o
LOAD main.o
LOAD bmptk_heap_none.o
LOAD bmptk_fixed_size_stack.o
LOAD /usr/lib/gcc/avr/5.4.0/avr5/libgcc.a
LOAD /usr/lib/gcc/avr/5.4.0/../../../avr/lib/avr5/libm.a
START GROUP
LOAD /usr/lib/gcc/avr/5.4.0/avr5/libgcc.a
LOAD /usr/lib/gcc/avr/5.4.0/../../../avr/lib/avr5/libm.a
LOAD /usr/lib/gcc/avr/5.4.0/../../../avr/lib/avr5/libc.a
LOAD /usr/lib/gcc/avr/5.4.0/../../../avr/lib/avr5/libatmega328p.a
END GROUP
                0x0000000000020000                __TEXT_REGION_LENGTH__ = DEFINED (__TEXT_REGION_LENGTH__)?__TEXT_REGION_LENGTH__:0x20000
                0x000000000000ffa0                __DATA_REGION_LENGTH__ = DEFINED (__DATA_REGION_LENGTH__)?__DATA_REGION_LENGTH__:0xffa0
                0x0000000000010000                __EEPROM_REGION_LENGTH__ = DEFINED (__EEPROM_REGION_LENGTH__)?__EEPROM_REGION_LENGTH__:0x10000
                [0x0000000000000003]                __FUSE_REGION_LENGTH__ = DEFINED (__FUSE_REGION_LENGTH__)?__FUSE_REGION_LENGTH__:0x400
                0x0000000000000400                __LOCK_REGION_LENGTH__ = DEFINED (__LOCK_REGION_LENGTH__)?__LOCK_REGION_LENGTH__:0x400
                0x0000000000000400                __SIGNATURE_REGION_LENGTH__ = DEFINED (__SIGNATURE_REGION_LENGTH__)?__SIGNATURE_REGION_LENGTH__:0x400
                0x0000000000000400                __USER_SIGNATURE_REGION_LENGTH__ = DEFINED (__USER_SIGNATURE_REGION_LENGTH__)?__USER_SIGNATURE_REGION_LENGTH__:0x400

.hash
 *(.hash)

.dynsym
 *(.dynsym)

.dynstr
 *(.dynstr)

.gnu.version
 *(.gnu.version)

.gnu.version_d
 *(.gnu.version_d)

.gnu.version_r
 *(.gnu.version_r)

.rel.init
 *(.rel.init)

.rela.init
 *(.rela.init)

.rel.text
 *(.rel.text)
 *(.rel.text.*)
 *(.rel.gnu.linkonce.t*)

.rela.text
 *(.rela.text)
 *(.rela.text.*)
 *(.rela.gnu.linkonce.t*)

.rel.fini
 *(.rel.fini)

.rela.fini
 *(.rela.fini)

.rel.rodata
 *(.rel.rodata)
 *(.rel.rodata.*)
 *(.rel.gnu.linkonce.r*)

.rela.rodata
 *(.rela.rodata)
 *(.rela.rodata.*)
 *(.rela.gnu.linkonce.r*)

.rel.data
 *(.rel.data)
 *(.rel.data.*)
 *(.rel.gnu.linkonce.d*)

.rela.data
 *(.rela.data)
 *(.rela.data.*)
 *(.rela.gnu.linkonce.d*)

.rel.ctors
 *(.rel.ctors)

.rela.ctors
 *(.rela.ctors)

.rel.dtors
 *(.rel.dtors)

.rela.dtors
 *(.rela.dtors)

.rel.got
 *(.rel.got)

.rela.got
 *(.rela.got)

.rel.bss
 *(.rel.bss)

.rela.bss
 *(.rela.bss)

.rel.plt
 *(.rel.plt)

.rela.plt
 *(.rela.plt)

.text           0x0000000000000000     0x1158
 *(.vectors)
 .vectors       0x0000000000000000       0x68 /usr/lib/gcc/avr/5.4.0/../../../avr/lib/avr5/crtatmega328p.o
                0x0000000000000000                __vectors
                0x0000000000000000                __vector_default
 *(.vectors)
 *(.progmem.gcc*)
                0x0000000000000068                . = ALIGN (0x2)
                0x0000000000000068                __trampolines_start = .
 *(.trampolines)
 .trampolines   0x0000000000000068        0x0 linker stubs
 *(.trampolines*)
                0x0000000000000068                __trampolines_end = .
 *libprintf_flt.a:*(.progmem.data)
 *libc.a:*(.progmem.data)
 *(.progmem*)
                0x0000000000000068                . = ALIGN (0x2)
 *(.jumptables)
 *(.jumptables*)
 *(.lowtext)
 *(.lowtext*)
                0x0000000000000068                __ctors_start = .
 *(.ctors)
                0x0000000000000068                __ctors_end = .
                0x0000000000000068                __dtors_start = .
 *(.dtors)
                0x0000000000000068                __dtors_end = .
 SORT(*)(.ctors)
 SORT(*)(.dtors)
 *(.init0)
 .init0         0x0000000000000068        0x0 /usr/lib/gcc/avr/5.4.0/../../../avr/lib/avr5/crtatmega328p.o
                0x0000000000000068                __init
 *(.init0)
 *(.init1)
 *(.init1)
 *(.init2)
 .init2         0x0000000000000068        0xc /usr/lib/gcc/avr/5.4.0/../../../avr/lib/avr5/crtatmega328p.o
 *(.init2)
 *(.init3)
 *(.init3)
 *(.init4)
 .init4         0x0000000000000074       0x16 /usr/lib/gcc/avr/5.4.0/avr5/libgcc.a(_copy_data.o)
                0x0000000000000074                __do_copy_data
 .init4         0x000000000000008a       0x10 /usr/lib/gcc/avr/5.4.0/avr5/libgcc.a(_clear_bss.o)
                0x000000000000008a                __do_clear_bss
 *(.init4)
 *(.init5)
 *(.init5)
 *(.init6)
 *(.init6)
 *(.init7)
 *(.init7)
 *(.init8)
 *(.init8)
 *(.init9)
 .init9         0x000000000000009a        0x8 /usr/lib/gcc/avr/5.4.0/../../../avr/lib/avr5/crtatmega328p.o
 *(.init9)
 *(.text)
 .text          0x00000000000000a2        0x4 /usr/lib/gcc/avr/5.4.0/../../../avr/lib/avr5/crtatmega328p.o
                0x00000000000000a2                __vector_22
                0x00000000000000a2                __vector_1
                0x00000000000000a2                __vector_24
                0x00000000000000a2                __vector_12
                0x00000000000000a2                __bad_interrupt
                0x00000000000000a2                __vector_6
                0x00000000000000a2                __vector_3
                0x00000000000000a2                __vector_23
                0x00000000000000a2                __vector_25
                0x00000000000000a2                __vector_11
                0x00000000000000a2                __vector_13
                0x00000000000000a2                __vector_17
                0x00000000000000a2                __vector_19
                0x00000000000000a2                __vector_7
                0x00000000000000a2                __vector_5
                0x00000000000000a2                __vector_4
                0x00000000000000a2                __vector_9
                0x00000000000000a2                __vector_2
                0x00000000000000a2                __vector_21
                0x00000000000000a2                __vector_15
                0x00000000000000a2                __vector_8
                0x00000000000000a2                __vector_14
                0x00000000000000a2                __vector_10
                0x00000000000000a2                __vector_16
                0x00000000000000a2                __vector_18
                0x00000000000000a2                __vector_20
                0x00000000000000a6                . = ALIGN (0x2)
 *(.text.*)
 .text._ZN9atmega3289port_dataEh
                0x00000000000000a6       0x2a ../library/source/HC_12.o
                0x00000000000000a6                _ZN9atmega3289port_dataEh
 .text._ZN9atmega32810port_inputEh
                0x00000000000000d0       0x2a ../library/source/HC_12.o
                0x00000000000000d0                _ZN9atmega32810port_inputEh
 .text._ZN9atmega32814port_directionEh
                0x00000000000000fa       0x2a ../library/source/HC_12.o
                0x00000000000000fa                _ZN9atmega32814port_directionEh
 .text._ZN9atmega32817configure_as_gpioEhh
                0x0000000000000124       0x20 ../library/source/HC_12.o
                0x0000000000000124                _ZN9atmega32817configure_as_gpioEhh
 .text._ZN3uno8pin_infoENS_4pinsE
                0x0000000000000144       0x1c ../library/source/HC_12.o
                0x0000000000000144                _ZN3uno8pin_infoENS_4pinsE
 .text._ZN5HC_124readEv
                0x0000000000000160      0x132 ../library/source/HC_12.o
                0x0000000000000160                _ZN5HC_124readEv
 .text._ZN8neopixel5writeEhhhh
                0x0000000000000292       0x36 ../library/source/neopixel.o
                0x0000000000000292                _ZN8neopixel5writeEhhhh
 .text._ZN12neopixel_uno5flushEv
                0x00000000000002c8      0x208 ../library/source/neopixel_uno.o
                0x00000000000002c8                _ZN12neopixel_uno5flushEv
 .text._ZN5hwlib20cout_using_uart_putc5flushEv
                0x00000000000004d0        0x2 hwlib.o
                0x00000000000004d0                _ZN5hwlib20cout_using_uart_putc5flushEv
 .text._ZN5hwlib5panicEPKcj
                0x00000000000004d2        0x2 hwlib.o
                0x00000000000004d2                _ZN5hwlib5panicEPKcj
 .text._ZN5hwlib7ostreamlsEc
                0x00000000000004d4       0x1a hwlib.o
                0x00000000000004d4                _ZN5hwlib7ostreamlsEc
 .text._ZN9atmega3289uart_initEv
                0x00000000000004ee       0x26 hwlib.o
                0x00000000000004ee                _ZN9atmega3289uart_initEv
 .text._ZN9atmega3289uart_putcEc
                0x0000000000000514       0x18 hwlib.o
                0x0000000000000514                _ZN9atmega3289uart_putcEc
 .text._ZN5hwlib9now_ticksEv
                0x000000000000052c       0xb2 hwlib.o
                0x000000000000052c                _ZN5hwlib9now_ticksEv
 .text._ZN5hwlib6now_usEv
                0x00000000000005de       0x10 hwlib.o
                0x00000000000005de                _ZN5hwlib6now_usEv
 .text._ZN5hwlib12wait_us_busyEl
                0x00000000000005ee       0x9c hwlib.o
                0x00000000000005ee                _ZN5hwlib12wait_us_busyEl
 .text._ZN5hwlib7wait_usEl
                0x000000000000068a        0x4 hwlib.o
                0x000000000000068a                _ZN5hwlib7wait_usEl
 .text._ZN5hwlib12wait_ms_busyEl
                0x000000000000068e       0x38 hwlib.o
                0x000000000000068e                _ZN5hwlib12wait_ms_busyEl
 .text._ZN5hwlib7wait_msEl
                0x00000000000006c6        0x4 hwlib.o
                0x00000000000006c6                _ZN5hwlib7wait_msEl
 .text._ZN5hwlib9uart_putcEc
                0x00000000000006ca        0x4 hwlib.o
                0x00000000000006ca                _ZN5hwlib9uart_putcEc
 .text._ZN5hwlib20cout_using_uart_putc4putcEc
                0x00000000000006ce        0x6 hwlib.o
                0x00000000000006ce                _ZN5hwlib20cout_using_uart_putc4putcEc
 .text._ZN9atmega3286pin_in4readEv
                0x00000000000006d4       0x1c main.o
                0x00000000000006d4                _ZN9atmega3286pin_in4readEv
 .text._ZN9atmega3286pin_in7refreshEv
                0x00000000000006f0        0x2 main.o
                0x00000000000006f0                _ZN9atmega3286pin_in7refreshEv
 .text._ZN9atmega3287pin_out5writeEb
                0x00000000000006f2       0x20 main.o
                0x00000000000006f2                _ZN9atmega3287pin_out5writeEb
 .text._ZN9atmega3287pin_out5flushEv
                0x0000000000000712        0x2 main.o
                0x0000000000000712                _ZN9atmega3287pin_out5flushEv
 .text.startup.main
                0x0000000000000714      0x514 main.o
                0x0000000000000714                main
 .text.libgcc.div
                0x0000000000000c28       0x28 /usr/lib/gcc/avr/5.4.0/avr5/libgcc.a(_udivmodhi4.o)
                0x0000000000000c28                __udivmodhi4
 .text.libgcc.div
                0x0000000000000c50       0x28 /usr/lib/gcc/avr/5.4.0/avr5/libgcc.a(_divmodhi4.o)
                0x0000000000000c50                __divmodhi4
                0x0000000000000c50                _div
 .text.libgcc.builtins
                0x0000000000000c78       0x3c /usr/lib/gcc/avr/5.4.0/avr5/libgcc.a(_ashrdi3.o)
                0x0000000000000c78                __ashrdi3
                0x0000000000000c7c                __lshrdi3
 .text.libgcc   0x0000000000000cb4       0x12 /usr/lib/gcc/avr/5.4.0/avr5/libgcc.a(_adddi3.o)
                0x0000000000000cb4                __adddi3
 .text.libgcc   0x0000000000000cc6       0x12 /usr/lib/gcc/avr/5.4.0/avr5/libgcc.a(_cmpdi2.o)
                0x0000000000000cc6                __cmpdi2
 .text.avr-libc.fplib
                0x0000000000000cd8        0xe /usr/lib/gcc/avr/5.4.0/../../../avr/lib/avr5/libm.a(addsf3.o)
                0x0000000000000cd8                __subsf3
                0x0000000000000cda                __addsf3
 .text.avr-libc.fplib
                0x0000000000000ce6       0xcc /usr/lib/gcc/avr/5.4.0/../../../avr/lib/avr5/libm.a(addsf3x.o)
                0x0000000000000d08                __addsf3x
 .text.avr-libc.fplib
                0x0000000000000db2        0xa /usr/lib/gcc/avr/5.4.0/../../../avr/lib/avr5/libm.a(cmpsf2.o)
                0x0000000000000db2                __lesf2
                0x0000000000000db2                __nesf2
                0x0000000000000db2                __eqsf2
                0x0000000000000db2                __cmpsf2
                0x0000000000000db2                __ltsf2
 .text.avr-libc.fplib
                0x0000000000000dbc        0x8 /usr/lib/gcc/avr/5.4.0/../../../avr/lib/avr5/libm.a(divsf3.o)
                0x0000000000000dbc                __divsf3
 .text.avr-libc.fplib
                0x0000000000000dc4       0xdc /usr/lib/gcc/avr/5.4.0/../../../avr/lib/avr5/libm.a(divsf3x.o)
                0x0000000000000de4                __divsf3x
                0x0000000000000dea                __divsf3_pse
 .text.avr-libc.fplib
                0x0000000000000ea0        0xe /usr/lib/gcc/avr/5.4.0/../../../avr/lib/avr5/libm.a(fixsfsi.o)
                0x0000000000000ea0                __fixsfsi
 .text.avr-libc.fplib
                0x0000000000000eae       0x5e /usr/lib/gcc/avr/5.4.0/../../../avr/lib/avr5/libm.a(fixunssfsi.o)
                0x0000000000000eae                __fixunssfsi
 .text.avr-libc.fplib
                0x0000000000000f0c       0x7a /usr/lib/gcc/avr/5.4.0/../../../avr/lib/avr5/libm.a(floatsisf.o)
                0x0000000000000f0c                __floatunsisf
                0x0000000000000f10                __floatsisf
 .text.avr-libc.fplib
                0x0000000000000f86       0x48 /usr/lib/gcc/avr/5.4.0/../../../avr/lib/avr5/libm.a(fp_cmp.o)
                0x0000000000000f86                __fp_cmp
 .text.avr-libc.fplib
                0x0000000000000fce        0xc /usr/lib/gcc/avr/5.4.0/../../../avr/lib/avr5/libm.a(fp_inf.o)
                0x0000000000000fce                __fp_inf
 .text.avr-libc.fplib
                0x0000000000000fda        0x6 /usr/lib/gcc/avr/5.4.0/../../../avr/lib/avr5/libm.a(fp_nan.o)
                0x0000000000000fda                __fp_nan
 .text.avr-libc.fplib
                0x0000000000000fe0        0xe /usr/lib/gcc/avr/5.4.0/../../../avr/lib/avr5/libm.a(fp_pscA.o)
                0x0000000000000fe0                __fp_pscA
 .text.avr-libc.fplib
                0x0000000000000fee        0xe /usr/lib/gcc/avr/5.4.0/../../../avr/lib/avr5/libm.a(fp_pscB.o)
                0x0000000000000fee                __fp_pscB
 .text.avr-libc.fplib
                0x0000000000000ffc       0x22 /usr/lib/gcc/avr/5.4.0/../../../avr/lib/avr5/libm.a(fp_round.o)
                0x0000000000000ffc                __fp_round
 .text.avr-libc.fplib
                0x000000000000101e       0x44 /usr/lib/gcc/avr/5.4.0/../../../avr/lib/avr5/libm.a(fp_split3.o)
                0x000000000000101e                __fp_split3
                0x000000000000102e                __fp_splitA
 .text.avr-libc.fplib
                0x0000000000001062        0xe /usr/lib/gcc/avr/5.4.0/../../../avr/lib/avr5/libm.a(fp_zero.o)
                0x0000000000001062                __fp_zero
                0x0000000000001064                __fp_szero
 .text.avr-libc.fplib
                0x0000000000001070        0xa /usr/lib/gcc/avr/5.4.0/../../../avr/lib/avr5/libm.a(gesf2.o)
                0x0000000000001070                __gtsf2
                0x0000000000001070                __gesf2
 .text.avr-libc.fplib
                0x000000000000107a        0x8 /usr/lib/gcc/avr/5.4.0/../../../avr/lib/avr5/libm.a(mulsf3.o)
                0x000000000000107a                __mulsf3
 .text.avr-libc.fplib
                0x0000000000001082       0xd2 /usr/lib/gcc/avr/5.4.0/../../../avr/lib/avr5/libm.a(mulsf3x.o)
                0x00000000000010a0                __mulsf3x
                0x00000000000010a6                __mulsf3_pse
                0x0000000000001154                . = ALIGN (0x2)
 *(.fini9)
 .fini9         0x0000000000001154        0x0 /usr/lib/gcc/avr/5.4.0/avr5/libgcc.a(_exit.o)
                0x0000000000001154                exit
                0x0000000000001154                _exit
 *(.fini9)
 *(.fini8)
 *(.fini8)
 *(.fini7)
 *(.fini7)
 *(.fini6)
 *(.fini6)
 *(.fini5)
 *(.fini5)
 *(.fini4)
 *(.fini4)
 *(.fini3)
 *(.fini3)
 *(.fini2)
 *(.fini2)
 *(.fini1)
 *(.fini1)
 *(.fini0)
 .fini0         0x0000000000001154        0x4 /usr/lib/gcc/avr/5.4.0/avr5/libgcc.a(_exit.o)
 *(.fini0)
                0x0000000000001158                _etext = .

.data           0x0000000000800100       0xe0 load address 0x0000000000001158
                0x0000000000800100                PROVIDE (__data_start, .)
 *(.data)
 *(.data*)
 .data._ZN5hwlib4coutE
                0x0000000000800100        0xc hwlib.o
                0x0000000000800100                _ZN5hwlib4coutE
 *(.rodata)
 *(.rodata*)
 .rodata.str1.1
                0x000000000080010c       0x6c ../library/source/HC_12.o
 .rodata._ZN3unoL14pin_info_arrayE
                0x0000000000800178       0x3a ../library/source/HC_12.o
 .rodata._ZTV12neopixel_uno
                0x00000000008001b2        0x6 ../library/source/neopixel_uno.o
                0x00000000008001b2                _ZTV12neopixel_uno
 .rodata._ZTVN5hwlib20cout_using_uart_putcE
                0x00000000008001b8        0x8 hwlib.o
                0x00000000008001b8                _ZTVN5hwlib20cout_using_uart_putcE
 .rodata._ZTVN9atmega3286pin_inE
                0x00000000008001c0        0x8 main.o
                0x00000000008001c0                _ZTVN9atmega3286pin_inE
 .rodata._ZTVN9atmega3287pin_outE
                0x00000000008001c8        0x8 main.o
                0x00000000008001c8                _ZTVN9atmega3287pin_outE
 .rodata._ZTVN3uno6pin_inE
                0x00000000008001d0        0x8 main.o
                0x00000000008001d0                _ZTVN3uno6pin_inE
 .rodata._ZTVN3uno7pin_outE
                0x00000000008001d8        0x8 main.o
                0x00000000008001d8                _ZTVN3uno7pin_outE
 *(.gnu.linkonce.d*)
                0x00000000008001e0                . = ALIGN (0x2)
                0x00000000008001e0                _edata = .
                0x00000000008001e0                PROVIDE (__data_end, .)

.bss            0x00000000008001e0        0xc
                0x00000000008001e0                PROVIDE (__bss_start, .)
 *(.bss)
 *(.bss*)
 .bss._ZZN5hwlib9now_ticksEvE9init_done
                0x00000000008001e0        0x1 hwlib.o
 .bss._ZZN9atmega3289uart_initEvE9init_done
                0x00000000008001e1        0x1 hwlib.o
 .bss._ZN5hwlibL4highE
                0x00000000008001e2        0x8 hwlib.o
 .bss._ZN5hwlibL8last_lowE
                0x00000000008001ea        0x2 hwlib.o
 *(COMMON)
                0x00000000008001ec                PROVIDE (__bss_end, .)
                0x0000000000001158                __data_load_start = LOADADDR (.data)
                0x0000000000001238                __data_load_end = (__data_load_start + SIZEOF (.data))

.noinit         0x00000000008001ec        0x0
                [!provide]                        PROVIDE (__noinit_start, .)
 *(.noinit*)
                [!provide]                        PROVIDE (__noinit_end, .)
                0x00000000008001ec                _end = .
                [!provide]                        PROVIDE (__heap_start, .)

.eeprom         0x0000000000810000        0x0
 *(.eeprom*)
                0x0000000000810000                __eeprom_end = .

.fuse
 *(.fuse)
 *(.lfuse)
 *(.hfuse)
 *(.efuse)

.lock
 *(.lock*)

.signature
 *(.signature*)

.user_signatures
 *(.user_signatures*)

.stab
 *(.stab)

.stabstr
 *(.stabstr)

.stab.excl
 *(.stab.excl)

.stab.exclstr
 *(.stab.exclstr)

.stab.index
 *(.stab.index)

.stab.indexstr
 *(.stab.indexstr)

.comment        0x0000000000000000       0x11
 *(.comment)
 .comment       0x0000000000000000       0x11 ../library/source/HC_12.o
                                         0x12 (size before relaxing)
 .comment       0x0000000000000011       0x12 ../library/source/neopixel.o
 .comment       0x0000000000000011       0x12 ../library/source/neopixel_uno.o
 .comment       0x0000000000000011       0x12 hwlib.o
 .comment       0x0000000000000011       0x12 main.o

.note.gnu.avr.deviceinfo
                0x0000000000000000       0x40
 .note.gnu.avr.deviceinfo
                0x0000000000000000       0x40 /usr/lib/gcc/avr/5.4.0/../../../avr/lib/avr5/crtatmega328p.o

.note.gnu.build-id
 *(.note.gnu.build-id)

.debug
 *(.debug)

.line
 *(.line)

.debug_srcinfo
 *(.debug_srcinfo)

.debug_sfnames
 *(.debug_sfnames)

.debug_aranges
 *(.debug_aranges)

.debug_pubnames
 *(.debug_pubnames)

.debug_info     0x0000000000000000      0x5f4
 *(.debug_info .gnu.linkonce.wi.*)
 .debug_info    0x0000000000000000      0x5f4 /usr/lib/gcc/avr/5.4.0/../../../avr/lib/avr5/crtatmega328p.o

.debug_abbrev   0x0000000000000000      0x5a2
 *(.debug_abbrev)
 .debug_abbrev  0x0000000000000000      0x5a2 /usr/lib/gcc/avr/5.4.0/../../../avr/lib/avr5/crtatmega328p.o

.debug_line     0x0000000000000000       0x1a
 *(.debug_line .debug_line.* .debug_line_end)
 .debug_line    0x0000000000000000       0x1a /usr/lib/gcc/avr/5.4.0/../../../avr/lib/avr5/crtatmega328p.o

.debug_frame
 *(.debug_frame)

.debug_str      0x0000000000000000      0x208
 *(.debug_str)
 .debug_str     0x0000000000000000      0x208 /usr/lib/gcc/avr/5.4.0/../../../avr/lib/avr5/crtatmega328p.o

.debug_loc
 *(.debug_loc)

.debug_macinfo
 *(.debug_macinfo)

.debug_weaknames
 *(.debug_weaknames)

.debug_funcnames
 *(.debug_funcnames)

.debug_typenames
 *(.debug_typenames)

.debug_varnames
 *(.debug_varnames)

.debug_pubtypes
 *(.debug_pubtypes)

.debug_ranges
 *(.debug_ranges)

.debug_macro
 *(.debug_macro)
OUTPUT(main.elf elf32-avr)
LOAD linker stubs
